// Jest Snapshot v1, https://goo.gl/fbAQLP

exports[`TaskModal component matches snapshot 1`] = `
<DocumentFragment>
  <div
    aria-labelledby="modal-title"
    aria-modal="true"
    class="fixed z-10 inset-0 overflow-y-auto"
    role="dialog"
  >
    <div
      class="flex items-end justify-center min-h-screen pt-4 px-4 pb-20 text-center"
    >
      <div
        aria-hidden="true"
        class="fixed inset-0 bg-gray-500 bg-opacity-75 transition-opacity"
      />
      <span
        aria-hidden="true"
        class="hidden"
      >
        ​
      </span>
      <div
        class="inline-block align-bottom bg-white rounded-lg text-left overflow-hidden shadow-xl transform transition-all "
      >
        <div
          class="bg-white px-4 pt-5 pb-4"
        >
          <div
            class="flex"
          >
            <div
              class="flex-1 text-left"
            >
              <button
                class="cursor-pointer text-black opacity-50 py-1 text-xl leading-none bg-transparent rounded border border-solid border-transparent"
                type="button"
              >
                <i
                  class="fas fa-arrow-left"
                />
              </button>
            </div>
            <div
              class="flex-1 text-right"
            >
              <button
                class="cursor-pointer text-black opacity-50 py-1 text-xl leading-none bg-transparent rounded border border-solid border-transparent"
                type="button"
              >
                <i
                  class="far fa-trash-alt"
                />
              </button>
            </div>
          </div>
          <div
            class="mt-3"
          >
            <form
              class="flex flex-col"
            >
              <span
                class="text-sm text-left"
              >
                タイトル
              </span>
              <input
                class="appearance-none border rounded-l py-2 px-3 text-gray-700 border-gray-200 leading-tight mb-4"
                id="taskTitle"
                placeholder="型定義を追加する"
                type="text"
                value=""
              />
              <span
                class="text-sm text-left"
              >
                説明
              </span>
              <textarea
                class="appearance-none border rounded-l py-2 px-3 text-gray-700 border-gray-200 leading-tight mb-4"
                id="taskDescription"
                placeholder="types以下に配置する"
              />
              <button
                class="w-full inline-flex justify-center rounded-md border border-gray-300 shadow-sm px-4 py-2 bg-white text-base font-medium text-gray-700"
                type="button"
              >
                タスクを更新する
              </button>
            </form>
          </div>
        </div>
        <div
          class="bg-gray-50 px-4 py-3 border-t-2"
        >
          <div
            class="mb-2"
          >
            <p
              class="text-sm text-gray-500"
            >
              タスクの削除を行うと復元することはできません。削除したい場合は右上の
              <i
                class="far fa-trash-alt"
              />
              をクリックしてから「削除を行う」ボタンをクリックしてください。
            </p>
          </div>
          <button
            class="w-full inline-flex justify-center rounded-md border border-transparent shadow-sm px-4 py-2 bg-red-600 disabled:bg-gray-500 disabled:line-through text-base font-medium text-white"
            disabled=""
            type="button"
          >
            削除を行う
          </button>
        </div>
      </div>
    </div>
  </div>
</DocumentFragment>
`;
