// Jest Snapshot v1, https://goo.gl/fbAQLP

exports[`TaskCard component matches snapshot 1`] = `
<DocumentFragment>
  <div
    class="flex-grow pt-4 px-4"
  >
    <div
      class=" bg-white rounded mb-4 shadow-lg pt-2 px-2"
    >
      <h2
        class="ml-2 mb-2 font-semibold text-2xl text-blueGray-800"
      >
        今日
      </h2>
      <div
        class="flex flex-row items-center border-t border-gray-200 py-2"
      >
        <input
          class="h-5 w-5 form-checkbox rounded-full mx-2 border-gray-300 focus:ring-0 focus:ring-opacity-50 text-blue-500"
          type="checkbox"
        />
        <span
          class="text-lg ml-2 truncate text-blueGray-800"
        >
          型定義を追加する
        </span>
        <button
          class="fas fa-ellipsis-v h-5 w-5 ml-auto mr-2 text-gray-400"
        />
      </div>
      <div
        class="flex flex-row items-center border-t border-gray-200 py-2"
      >
        <input
          class="h-5 w-5 form-checkbox rounded-full mx-2 border-gray-300 focus:ring-0 focus:ring-opacity-50 text-blue-500"
          type="checkbox"
        />
        <span
          class="text-lg ml-2 truncate text-blueGray-800"
        >
          型定義を追加する2
        </span>
        <button
          class="fas fa-ellipsis-v h-5 w-5 ml-auto mr-2 text-gray-400"
        />
      </div>
    </div>
  </div>
</DocumentFragment>
`;
